// Vitest Snapshot v1, https://vitest.dev/guide/snapshot.html

exports[`renderDocument (walking skeleton) > assembles the article/list document tree (golden) 1`] = `
[
  {
    "kind": "title",
    "text": "SERVICE CONTRACT",
  },
  {
    "body": [
      {
        "kind": "paragraph",
        "text": "In this contract the following terms apply.",
      },
      {
        "items": [
          [
            {
              "kind": "paragraph",
              "text": "Provider means the party rendering services.",
            },
          ],
          [
            {
              "kind": "paragraph",
              "text": "Client means the party receiving services.",
            },
          ],
        ],
        "kind": "numberedList",
      },
    ],
    "heading": "Definitions",
    "kind": "article",
    "level": 1,
    "no": "1.",
  },
  {
    "body": [
      {
        "kind": "richText",
        "value": {
          "blocks": [
            {
              "runs": [
                {
                  "text": "This agreement is signed in ",
                },
                {
                  "marks": [
                    "bold",
                  ],
                  "text": "2",
                },
                {
                  "text": " counterpart copies of equal legal force.",
                },
              ],
              "type": "paragraph",
            },
          ],
          "type": "doc",
        },
      },
      {
        "body": [
          {
            "kind": "paragraph",
            "text": "This sub-article is nested.",
          },
        ],
        "kind": "article",
        "level": 2,
        "no": "2.1.",
      },
    ],
    "heading": "Counterparts",
    "kind": "article",
    "level": 1,
    "no": "2.",
  },
  {
    "items": [
      [
        {
          "kind": "paragraph",
          "text": "Bullet one.",
        },
      ],
      [
        {
          "kind": "paragraph",
          "text": "Bullet two.",
        },
      ],
    ],
    "kind": "bulletList",
  },
  {
    "items": [
      [
        {
          "kind": "paragraph",
          "text": "Alpha point a.",
        },
      ],
      [
        {
          "kind": "paragraph",
          "text": "Alpha point b.",
        },
      ],
    ],
    "kind": "alphaList",
  },
]
`;

exports[`renderDocument (walking skeleton) > assembles the expected tree (golden) 1`] = `
[
  {
    "kind": "title",
    "text": "DECLARATION AND CONFIRMATION",
  },
  {
    "kind": "paragraph",
    "text": "This document is rendered from a declarative YAML template through the renderer-agnostic document tree.",
  },
]
`;

exports[`renderDocument (walking skeleton) > assembles the party-header / key-value document tree (golden) 1`] = `
[
  {
    "kind": "partyHeader",
    "party": {
      "address": "1 Bank St",
      "idNumber": "12345678",
      "kind": "company",
      "name": "Acme Bank",
    },
    "roleLabel": "Lender",
  },
  {
    "kind": "partyHeader",
    "party": {
      "kind": "person",
      "name": "Jane Doe",
    },
    "roleLabel": "Borrower",
  },
  {
    "kind": "keyValueTable",
    "rows": [
      {
        "label": "Principal",
        "value": "EUR 1000.00",
      },
      {
        "label": "Borrower",
        "value": "Jane Doe",
      },
    ],
  },
]
`;

exports[`renderDocument (walking skeleton) > assembles the signatures document tree (golden) 1`] = `
[
  {
    "kind": "title",
    "text": "SIGNATURES",
  },
  {
    "kind": "signatures",
    "places": [
      {
        "name": "Acme Bank",
        "role": "Lender",
      },
      {
        "name": "John Watson",
        "role": "Witness",
      },
    ],
  },
]
`;

exports[`renderDocument (walking skeleton) > loads a YAML template and renders a PDF containing its text > pdf-text-layer 1`] = `"DECLARATION AND CONFIRMATION This document is rendered from a declarative YAML template through the renderer-agnostic document tree. -- 1 of 1 --"`;
